<?xml version="1.0" encoding="utf-8"?><testsuites name="pytest tests"><testsuite name="pytest" errors="0" failures="0" skipped="0" tests="26" time="9.996" timestamp="2026-07-23T13:07:06.505782+01:00" hostname="jesi"><testcase classname="tests.test_budget.TestBudget" name="test_budget_exceeded" time="9.592" /><testcase classname="tests.test_dedupe" name="test_dedupe[fixture0]" time="0.001" /><testcase classname="tests.test_dedupe" name="test_dedupe[fixture1]" time="0.001" /><testcase classname="tests.test_failure" name="test_tool_failure[fixture0]" time="0.001" /><testcase classname="tests.test_failure" name="test_tool_failure[fixture1]" time="0.001" /><testcase classname="tests.test_parsers" name="test_parser_fixtures[PARSE-01]" time="0.001" /><testcase classname="tests.test_parsers" name="test_parser_fixtures[PARSE-02]" time="0.001" /><testcase classname="tests.test_parsers" name="test_parser_fixtures[PARSE-03]" time="0.001" /><testcase classname="tests.test_parsers" name="test_parser_fixtures[PARSE-04]" time="0.001" /><testcase classname="tests.test_parsers" name="test_parser_fixtures[PARSE-05]" time="0.001" /><testcase classname="tests.test_parsers" name="test_parser_fixtures[PARSE-06]" time="0.001" /><testcase classname="tests.test_resume" name="test_resume[fixture0]" time="0.001" /><testcase classname="tests.test_resume" name="test_resume[fixture1]" time="0.000" /><testcase classname="tests.test_scope.TestScope" name="test_in_port_allowed" time="0.044" /><testcase classname="tests.test_scope.TestScope" name="test_non_loopback_denied" time="0.001" /><testcase classname="tests.test_scope.TestScope" name="test_out_port_denied" time="0.001" /><testcase classname="tests.test_scope.TestScope" name="test_probe_http_calls_guard" time="0.001" /><testcase classname="tests.test_scope.TestScope" name="test_unlisted_port_denied" time="0.002" /><testcase classname="tests.test_scope_features" name="test_scope_features[fixture0]" time="0.001" /><testcase classname="tests.test_scope_features" name="test_scope_features[fixture1]" time="0.001" /><testcase classname="tests.test_scope_features" name="test_scope_features[fixture2]" time="0.001" /><testcase classname="tests.test_scope_features" name="test_scope_features[fixture3]" time="0.001" /><testcase classname="tests.test_wildcard" name="test_dns_wildcard[fixture0]" time="0.002" /><testcase classname="tests.test_wildcard" name="test_dns_wildcard[fixture1]" time="0.001" /><testcase classname="tests.test_wildcard" name="test_vhost_wildcard[fixture0]" time="0.001" /><testcase classname="tests.test_wildcard" name="test_vhost_wildcard[fixture1]" time="0.001" /></testsuite></testsuites>